18:35:16 **** Incremental Build of configuration Debug for project Bootloader ****
make -j4 all 
arm-none-eabi-gcc "../Core/Src/main.c" -mcpu=cortex-m4 -std=gnu11 -g3 -DDEBUG -DUSE_HAL_DRIVER -DSTM32F411xE -c -I../Core/Inc -I../Drivers/STM32F4xx_HAL_Driver/Inc -I../Drivers/STM32F4xx_HAL_Driver/Inc/Legacy -I../Drivers/CMSIS/Device/ST/STM32F4xx/Include -I../Drivers/CMSIS/Include -O0 -ffunction-sections -fdata-sections -Wall -fstack-usage -fcyclomatic-complexity -MMD -MP -MF"Core/Src/main.d" -MT"Core/Src/main.o" --specs=nano.specs -mfpu=fpv4-sp-d16 -mfloat-abi=hard -mthumb -o "Core/Src/main.o"
arm-none-eabi-gcc -o "Bootloader.elf" @"objects.list"   -mcpu=cortex-m4 -T"C:\Users\Sbzrgn\Desktop\STM\STM32F411Discovery\STM32F411Discovery_Bootloader\Bootloader\Bootloader\STM32F411VETX_FLASH.ld" --specs=nosys.specs -Wl,-Map="Bootloader.map" -Wl,--gc-sections -static --specs=nano.specs -mfpu=fpv4-sp-d16 -mfloat-abi=hard -mthumb -Wl,--start-group -lc -lm -Wl,--end-group
Finished building target: Bootloader.elf
 
arm-none-eabi-size  Bootloader.elf 
arm-none-eabi-objdump -h -S Bootloader.elf  > "Bootloader.list"
   text	   data	    bss	    dec	    hex	filename
  12656	    104	   1976	  14736	   3990	Bootloader.elf
Finished building: default.size.stdout
 
Finished building: Bootloader.list
 

18:35:17 Build Finished. 0 errors, 0 warnings. (took 1s.217ms)

